
> p@1.0.0 build
> next build

npm : ΓÜá Warning: Next.js inferred your workspace root, but it may not be 
correct.
At line:1 char:1
+ npm run build > build_output.txt 2>&1
+ ~~~~~~~~~~~~~~~~~~~~~~~~~~~~~~~~~~~~~
    + CategoryInfo          : NotSpecified: (ΓÜá Warning: Ne...not be correct.:St 
   ring) [], RemoteException
    + FullyQualifiedErrorId : NativeCommandError
 
 We detected multiple lockfiles and selected the directory of C:\Users\MOHAMMED 
MUZAMMIL\package-lock.json as the root directory.
 To silence this warning, set `turbopack.root` in your Next.js config, or 
consider removing one of the lockfiles if it's not needed.
   See https://nextjs.org/docs/app/api-reference/config/next-config-js/turbopack#r
oot-directory for more information.
 Detected additional lockfiles: 
   * C:\Users\MOHAMMED MUZAMMIL\Documents\P\package-lock.json

Γû▓ Next.js 16.1.6 (Turbopack)

  Creating an optimized production build ...

> Build error occurred
Error: Turbopack build failed with 1 errors:
./Documents/P/src/app/globals.css
Error evaluating Node.js code
Error: It looks like you're trying to use `tailwindcss` directly as a PostCSS 
plugin. The PostCSS plugin has moved to a separate package, so to continue using 
Tailwind CSS with PostCSS you'll need to install `@tailwindcss/postcss` and 
update your PostCSS configuration.
    [at at (C:\Users\MOHAMMED 
MUZAMMIL\Documents\P\node_modules\tailwindcss\dist\lib.js:38:1643)]
    at turbopack:///[turbopack-node]/transforms/postcss.ts:56:14 
[C:\Users\MOHAMMED MUZAMMIL\Documents\P\.next\build\chunks\[root-of-the-server]__5
09fe744._.js:139:20]
    [at <anonymous>]
    at Module.init (turbopack:///[turbopack-node]/transforms/postcss.ts:43:33) 
[C:\Users\MOHAMMED MUZAMMIL\Documents\P\.next\build\chunks\[root-of-the-server]__5
09fe744._.js:129:35]
    at run (turbopack:///[turbopack-node]/ipc/evaluate.ts:77:20) 
[C:\Users\MOHAMMED MUZAMMIL\Documents\P\.next\build\chunks\[root-of-the-server]__2
f0f27a0._.js:429:26]
    [at process.processTicksAndRejections 
(node:internal/process/task_queues:95:5)]

Import trace:
  Client Component Browser:
    ./Documents/P/src/app/globals.css [Client Component Browser]
    ./Documents/P/src/app/layout.tsx [Server Component]


    at Module.init (turbopack:///[turbopack-node]/transforms/postcss.ts:43:33) 
[C:\Users\MOHAMMED MUZAMMIL\Documents\P\.next\build\chunks\[root-of-the-server]__5
09fe744._.js:129:35])
    at run (turbopack:///[turbopack-node]/ipc/evaluate.ts:77:20) 
[C:\Users\MOHAMMED MUZAMMIL\Documents\P\.next\build\chunks\[root-of-the-server]__2
f0f27a0._.js:429:26])
